<header>
    <p>

        Roadshow Tournee.Digital in Baden-Württemberg an der österreichischen Weinstraße
    </p>
</header><div id="b6589fc6ab0dc82cf12099d1c2d40ab994e8410c-99" data-rkwajax-id="99" data-rkwajax-action="replace"></div>